	Command being timed: "/storage/home/hcoda1/0/dmolzahn6/scratch/parameter_optimized_OTS/julia-1.12.7/bin/julia --project=. scripts/experiment4_islanding.jl 179-goc-api"
	User time (seconds): 2794.56
	System time (seconds): 22.21
	Percent of CPU this job got: 106%
	Elapsed (wall clock) time (h:mm:ss or m:ss): 44:13.50
	Average shared text size (kbytes): 0
	Average unshared data size (kbytes): 0
	Average stack size (kbytes): 0
	Average total size (kbytes): 0
	Maximum resident set size (kbytes): 6514732
	Average resident set size (kbytes): 0
	Major (requiring I/O) page faults: 373384
	Minor (reclaiming a frame) page faults: 1826146
	Voluntary context switches: 494032
	Involuntary context switches: 73038
	Swaps: 0
	File system inputs: 13783824
	File system outputs: 248
	Socket messages sent: 0
	Socket messages received: 0
	Signals delivered: 0
	Page size (bytes): 4096
	Exit status: 0
