	Command being timed: "/storage/home/hcoda1/0/dmolzahn6/scratch/parameter_optimized_OTS/julia-1.12.7/bin/julia --project=. scripts/experiment4_islanding.jl 300-ieee-api"
	User time (seconds): 6314.27
	System time (seconds): 33.01
	Percent of CPU this job got: 101%
	Elapsed (wall clock) time (h:mm:ss or m:ss): 1:44:09
	Average shared text size (kbytes): 0
	Average unshared data size (kbytes): 0
	Average stack size (kbytes): 0
	Average total size (kbytes): 0
	Maximum resident set size (kbytes): 10336852
	Average resident set size (kbytes): 0
	Major (requiring I/O) page faults: 532340
	Minor (reclaiming a frame) page faults: 3561696
	Voluntary context switches: 693318
	Involuntary context switches: 17983
	Swaps: 0
	File system inputs: 19473248
	File system outputs: 224
	Socket messages sent: 0
	Socket messages received: 0
	Signals delivered: 0
	Page size (bytes): 4096
	Exit status: 0
