	Command being timed: "/storage/home/hcoda1/0/dmolzahn6/scratch/parameter_optimized_OTS/julia-1.12.7/bin/julia --project=. scripts/experiment4_islanding.jl 240-pserc-api"
	User time (seconds): 17450.32
	System time (seconds): 39.00
	Percent of CPU this job got: 96%
	Elapsed (wall clock) time (h:mm:ss or m:ss): 5:01:30
	Average shared text size (kbytes): 0
	Average unshared data size (kbytes): 0
	Average stack size (kbytes): 0
	Average total size (kbytes): 0
	Maximum resident set size (kbytes): 8795300
	Average resident set size (kbytes): 0
	Major (requiring I/O) page faults: 916385
	Minor (reclaiming a frame) page faults: 3139044
	Voluntary context switches: 1086223
	Involuntary context switches: 36798
	Swaps: 0
	File system inputs: 31139264
	File system outputs: 240
	Socket messages sent: 0
	Socket messages received: 0
	Signals delivered: 0
	Page size (bytes): 4096
	Exit status: 0
