	Command being timed: "/storage/home/hcoda1/0/dmolzahn6/scratch/parameter_optimized_OTS/julia-1.12.7/bin/julia --project=. scripts/experiment4_islanding.jl 89-pegase-api"
	User time (seconds): 4852.69
	System time (seconds): 20.75
	Percent of CPU this job got: 98%
	Elapsed (wall clock) time (h:mm:ss or m:ss): 1:22:17
	Average shared text size (kbytes): 0
	Average unshared data size (kbytes): 0
	Average stack size (kbytes): 0
	Average total size (kbytes): 0
	Maximum resident set size (kbytes): 3109092
	Average resident set size (kbytes): 0
	Major (requiring I/O) page faults: 439974
	Minor (reclaiming a frame) page faults: 1297566
	Voluntary context switches: 564131
	Involuntary context switches: 46000
	Swaps: 0
	File system inputs: 15530248
	File system outputs: 240
	Socket messages sent: 0
	Socket messages received: 0
	Signals delivered: 0
	Page size (bytes): 4096
	Exit status: 0
