	Command being timed: "/storage/home/hcoda1/0/dmolzahn6/scratch/parameter_optimized_OTS/julia-1.12.7/bin/julia --project=. scripts/experiment4_islanding.jl 500-goc-api"
	User time (seconds): 22524.76
	System time (seconds): 74.63
	Percent of CPU this job got: 99%
	Elapsed (wall clock) time (h:mm:ss or m:ss): 6:18:57
	Average shared text size (kbytes): 0
	Average unshared data size (kbytes): 0
	Average stack size (kbytes): 0
	Average total size (kbytes): 0
	Maximum resident set size (kbytes): 16083220
	Average resident set size (kbytes): 0
	Major (requiring I/O) page faults: 1420664
	Minor (reclaiming a frame) page faults: 5144126
	Voluntary context switches: 1841351
	Involuntary context switches: 173147
	Swaps: 0
	File system inputs: 49216864
	File system outputs: 256
	Socket messages sent: 0
	Socket messages received: 0
	Signals delivered: 0
	Page size (bytes): 4096
	Exit status: 0
