---------------------------------------
Begin Slurm Prolog: Sep-23-2026 11:49:56
Job ID:    13487367
User ID:   dmolzahn6
Account:   gts-dmolzahn6
Job name:  mm4U-1354-pegase-api
Partition: cpu-small
QOS:       inferno
---------------------------------------
[pace_env] root=/storage/project/r-dmolzahn6-0/dmolzahn6/Moment-SoS-MINLP julia=/storage/home/hcoda1/0/dmolzahn6/scratch/parameter_optimized_OTS/julia-1.12.7/bin/julia depot=/storage/project/r-dmolzahn6-0/dmolzahn6/Moment-SoS-MINLP/.julia account=gts-dmolzahn6
case 1354-pegase-api on atl1-1-02-010-17-2.pace.gatech.edu, cpus 8, mem 65536 MB, relaxations base, start Wed Sep 23 11:49:57 AM EDT 2026

=== 1354-pegase-api: 1991 binaries; AC-OPF 1498271.03; paper O-DC-OTS 1496750, AC-OTS –
  base  bound 1483919.62 (raw 1488531.02) ITERATION_LIMIT  10086.7s  binaries 1991 (radial fixed 0, cuts 0)  max PSD 75  E[#opened] 204.0
    independent            best infeasible   feas   0%  connected   0%  ≤1% of best known   0%  unique  10  fixes/sample 0.0  (1s)  Dict("island_deficit" => 10)
    independent+repair     best infeasible   feas   0%  connected   0%  ≤1% of best known   0%  unique  10  fixes/sample 12.1  (518s)  Dict("LOCALLY_INFEASIBLE" => 4, "TIME_LIMIT" => 6)
    gaussian               best infeasible   feas   0%  connected   0%  ≤1% of best known   0%  unique  10  fixes/sample 0.0  (1s)  Dict("island_deficit" => 10)
    gaussian+repair        best infeasible   feas   0%  connected   0%  ≤1% of best known   0%  unique  10  fixes/sample 12.6  (547s)  Dict("LOCALLY_INFEASIBLE" => 2, "TIME_LIMIT" => 8)
    conditional            best infeasible   feas   0%  connected   0%  ≤1% of best known   0%  unique  10  fixes/sample 0.0  (1s)  Dict("island_deficit" => 10)
    conditional+repair     best infeasible   feas   0%  connected   0%  ≤1% of best known   0%  unique  10  fixes/sample 11.4  (466s)  Dict("LOCALLY_INFEASIBLE" => 4, "TIME_LIMIT" => 6)
    conditional_guarded    best infeasible   feas   0%  connected   0%  ≤1% of best known   0%  unique  10  fixes/sample 11.5  (457s)  Dict("LOCALLY_INFEASIBLE" => 4, "TIME_LIMIT" => 6)
    best rounded 1498271.03 (0 lines opened); after 1-flip polish 1498271.03 (0 evals, 0s)
  SUMMARY 1354-pegase-api: best found 1498271.03 (paper AC-OTS –, O-DC-OTS 1496750); best bound 1.4839196226947494e6; gap 0.86%; 71 configs
finished Wed Sep 23 03:17:42 PM EDT 2026
---------------------------------------
Begin Slurm Epilog: Sep-23-2026 15:17:42
Job ID:        13487367
User ID:       dmolzahn6
Account:       gts-dmolzahn6
Job name:      mm4U-1354-pegase-api
Resources:     cpu=8,mem=64G,node=1
Rsrc Used:     cput=1-03:42:32,vmem=0,walltime=03:27:49,mem=31040416K,energy_used=0
Partition:     cpu-small
QOS:           inferno
Nodes:         atl1-1-02-010-17-2
---------------------------------------
