	Command being timed: "/storage/home/hcoda1/0/dmolzahn6/scratch/parameter_optimized_OTS/julia-1.12.7/bin/julia --project=. scripts/experiment4_islanding.jl 1354-pegase-api"
	User time (seconds): 30471.91
	System time (seconds): 209.33
	Percent of CPU this job got: 246%
	Elapsed (wall clock) time (h:mm:ss or m:ss): 3:27:44
	Average shared text size (kbytes): 0
	Average unshared data size (kbytes): 0
	Average stack size (kbytes): 0
	Average total size (kbytes): 0
	Maximum resident set size (kbytes): 30496548
	Average resident set size (kbytes): 0
	Major (requiring I/O) page faults: 112351
	Minor (reclaiming a frame) page faults: 2118063
	Voluntary context switches: 3206805
	Involuntary context switches: 2613505
	Swaps: 0
	File system inputs: 3969216
	File system outputs: 520
	Socket messages sent: 0
	Socket messages received: 0
	Signals delivered: 0
	Page size (bytes): 4096
	Exit status: 0
