	Command being timed: "/storage/home/hcoda1/0/dmolzahn6/scratch/parameter_optimized_OTS/julia-1.12.7/bin/julia --project=. scripts/experiment5_cardinality.jl 1354-pegase-api"
	User time (seconds): 5327.15
	System time (seconds): 19.93
	Percent of CPU this job got: 91%
	Elapsed (wall clock) time (h:mm:ss or m:ss): 1:37:42
	Average shared text size (kbytes): 0
	Average unshared data size (kbytes): 0
	Average stack size (kbytes): 0
	Average total size (kbytes): 0
	Maximum resident set size (kbytes): 2274028
	Average resident set size (kbytes): 0
	Major (requiring I/O) page faults: 458936
	Minor (reclaiming a frame) page faults: 4561611
	Voluntary context switches: 457490
	Involuntary context switches: 21209
	Swaps: 0
	File system inputs: 12462848
	File system outputs: 88
	Socket messages sent: 0
	Socket messages received: 0
	Signals delivered: 0
	Page size (bytes): 4096
	Exit status: 0
