---------------------------------------
Begin Slurm Prolog: Sep-14-2026 22:53:00
Job ID:    13208647
User ID:   dmolzahn6
Account:   gts-dmolzahn6
Job name:  mmrc-24-ieee-rts-api
Partition: cpu-small
QOS:       inferno
---------------------------------------
[pace_env] root=/storage/home/hcoda1/0/dmolzahn6/scratch/Moment-SoS-MINLP julia=/storage/home/hcoda1/0/dmolzahn6/scratch/parameter_optimized_OTS/julia-1.12.7/bin/julia depot=/storage/home/hcoda1/0/dmolzahn6/scratch/Moment-SoS-MINLP/.julia account=gts-dmolzahn6
case 24-ieee-rts-api on atl1-1-02-005-14-2.pace.gatech.edu, cpus 8, mem 16384 MB, certificate optimization time 1800 s, start Mon Sep 14 22:53:00 EDT 2026
24-ieee-rts-api  exp3/mixed         SLOW_PROGRESS  raw 110827.00 (saved 110827.29) | box 110796.52 | box ρ* 110796.52 | implicit 110816.39 | hybrid 110816.45 | optimized 110824.76 | saved certified 110814.59 | 70s (opt 17s)
24-ieee-rts-api  exp3/adj16         SLOW_PROGRESS  raw 111714.46 (saved 111721.20) | box 111641.51 | box ρ* 111641.51 | implicit 111699.09 | hybrid 111699.72 | optimized 111714.00 | saved certified 111523.24 | 221s (opt 48s)
24-ieee-rts-api  exp3/adj16_pairs   SLOW_PROGRESS  raw 111819.69 (saved 111811.54) | box 111279.39 | box ρ* 111279.39 | implicit 111553.82 | hybrid 111560.81 | optimized 111740.58 | saved certified 111220.25 | 268s (opt 76s)
finished Mon Sep 14 23:04:17 EDT 2026
---------------------------------------
Begin Slurm Epilog: Sep-14-2026 23:04:17
Job ID:        13208647
User ID:       dmolzahn6
Account:       gts-dmolzahn6
Job name:      mmrc-24-ieee-rts-api
Resources:     cpu=8,mem=16G,node=1
Rsrc Used:     cput=01:30:16,vmem=0,walltime=00:11:17,mem=12298832K,energy_used=0
Partition:     cpu-small
QOS:           inferno
Nodes:         atl1-1-02-005-14-2
---------------------------------------
