	Command being timed: "/storage/home/hcoda1/0/dmolzahn6/scratch/parameter_optimized_OTS/julia-1.12.7/bin/julia --project=. scripts/recertify.jl 39-epri-api"
	User time (seconds): 1319.20
	System time (seconds): 20.02
	Percent of CPU this job got: 224%
	Elapsed (wall clock) time (h:mm:ss or m:ss): 9:56.13
	Average shared text size (kbytes): 0
	Average unshared data size (kbytes): 0
	Average stack size (kbytes): 0
	Average total size (kbytes): 0
	Maximum resident set size (kbytes): 10865520
	Average resident set size (kbytes): 0
	Major (requiring I/O) page faults: 49549
	Minor (reclaiming a frame) page faults: 944195
	Voluntary context switches: 249109
	Involuntary context switches: 21275
	Swaps: 0
	File system inputs: 1750080
	File system outputs: 48
	Socket messages sent: 0
	Socket messages received: 0
	Signals delivered: 0
	Page size (bytes): 4096
	Exit status: 0
