	Command being timed: "/storage/home/hcoda1/0/dmolzahn6/scratch/parameter_optimized_OTS/julia-1.12.7/bin/julia --project=. scripts/recertify.jl 5-pjm-api"
	User time (seconds): 138.73
	System time (seconds): 6.58
	Percent of CPU this job got: 81%
	Elapsed (wall clock) time (h:mm:ss or m:ss): 2:58.85
	Average shared text size (kbytes): 0
	Average unshared data size (kbytes): 0
	Average stack size (kbytes): 0
	Average total size (kbytes): 0
	Maximum resident set size (kbytes): 2590596
	Average resident set size (kbytes): 0
	Major (requiring I/O) page faults: 41398
	Minor (reclaiming a frame) page faults: 398975
	Voluntary context switches: 115212
	Involuntary context switches: 38003
	Swaps: 0
	File system inputs: 1814880
	File system outputs: 48
	Socket messages sent: 0
	Socket messages received: 0
	Signals delivered: 0
	Page size (bytes): 4096
	Exit status: 0
