	Command being timed: "/storage/home/hcoda1/0/dmolzahn6/scratch/parameter_optimized_OTS/julia-1.12.7/bin/julia --project=. scripts/recertify.jl 179-goc-api"
	User time (seconds): 1891.51
	System time (seconds): 28.94
	Percent of CPU this job got: 152%
	Elapsed (wall clock) time (h:mm:ss or m:ss): 21:01.62
	Average shared text size (kbytes): 0
	Average unshared data size (kbytes): 0
	Average stack size (kbytes): 0
	Average total size (kbytes): 0
	Maximum resident set size (kbytes): 9849636
	Average resident set size (kbytes): 0
	Major (requiring I/O) page faults: 185650
	Minor (reclaiming a frame) page faults: 3241626
	Voluntary context switches: 399315
	Involuntary context switches: 61576
	Swaps: 0
	File system inputs: 7564128
	File system outputs: 64
	Socket messages sent: 0
	Socket messages received: 0
	Signals delivered: 0
	Page size (bytes): 4096
	Exit status: 0
