	Command being timed: "/storage/home/hcoda1/0/dmolzahn6/scratch/parameter_optimized_OTS/julia-1.12.7/bin/julia --project=. scripts/recertify.jl 1354-pegase-api"
	User time (seconds): 87787.01
	System time (seconds): 561.55
	Percent of CPU this job got: 244%
	Elapsed (wall clock) time (h:mm:ss or m:ss): 10:02:07
	Average shared text size (kbytes): 0
	Average unshared data size (kbytes): 0
	Average stack size (kbytes): 0
	Average total size (kbytes): 0
	Maximum resident set size (kbytes): 45880632
	Average resident set size (kbytes): 0
	Major (requiring I/O) page faults: 533525
	Minor (reclaiming a frame) page faults: 32893833
	Voluntary context switches: 7895468
	Involuntary context switches: 1105952
	Swaps: 0
	File system inputs: 14024464
	File system outputs: 72
	Socket messages sent: 0
	Socket messages received: 0
	Signals delivered: 0
	Page size (bytes): 4096
	Exit status: 0
