	Command being timed: "/storage/home/hcoda1/0/dmolzahn6/scratch/parameter_optimized_OTS/julia-1.12.7/bin/julia --project=. scripts/recertify.jl 60-c-api"
	User time (seconds): 3501.86
	System time (seconds): 41.28
	Percent of CPU this job got: 247%
	Elapsed (wall clock) time (h:mm:ss or m:ss): 23:51.02
	Average shared text size (kbytes): 0
	Average unshared data size (kbytes): 0
	Average stack size (kbytes): 0
	Average total size (kbytes): 0
	Maximum resident set size (kbytes): 15656056
	Average resident set size (kbytes): 0
	Major (requiring I/O) page faults: 159577
	Minor (reclaiming a frame) page faults: 1882295
	Voluntary context switches: 434203
	Involuntary context switches: 86762
	Swaps: 0
	File system inputs: 6270384
	File system outputs: 48
	Socket messages sent: 0
	Socket messages received: 0
	Signals delivered: 0
	Page size (bytes): 4096
	Exit status: 0
