	Command being timed: "/storage/home/hcoda1/0/dmolzahn6/scratch/parameter_optimized_OTS/julia-1.12.7/bin/julia --project=. scripts/recertify.jl 118-ieee-api"
	User time (seconds): 1513.51
	System time (seconds): 27.84
	Percent of CPU this job got: 154%
	Elapsed (wall clock) time (h:mm:ss or m:ss): 16:38.06
	Average shared text size (kbytes): 0
	Average unshared data size (kbytes): 0
	Average stack size (kbytes): 0
	Average total size (kbytes): 0
	Maximum resident set size (kbytes): 6924540
	Average resident set size (kbytes): 0
	Major (requiring I/O) page faults: 168167
	Minor (reclaiming a frame) page faults: 2496084
	Voluntary context switches: 441688
	Involuntary context switches: 333787
	Swaps: 0
	File system inputs: 6664040
	File system outputs: 64
	Socket messages sent: 0
	Socket messages received: 0
	Signals delivered: 0
	Page size (bytes): 4096
	Exit status: 0
