---------------------------------------
Begin Slurm Prolog: Sep-14-2026 22:53:00
Job ID:    13208646
User ID:   dmolzahn6
Account:   gts-dmolzahn6
Job name:  mmrc-14-ieee-api
Partition: cpu-small
QOS:       inferno
---------------------------------------
[pace_env] root=/storage/home/hcoda1/0/dmolzahn6/scratch/Moment-SoS-MINLP julia=/storage/home/hcoda1/0/dmolzahn6/scratch/parameter_optimized_OTS/julia-1.12.7/bin/julia depot=/storage/home/hcoda1/0/dmolzahn6/scratch/Moment-SoS-MINLP/.julia account=gts-dmolzahn6
case 14-ieee-api on atl1-1-02-005-14-2.pace.gatech.edu, cpus 8, mem 16384 MB, certificate optimization time 1800 s, start Mon Sep 14 22:53:00 EDT 2026
14-ieee-api      exp3/mixed         SLOW_PROGRESS  raw 5687.58 (saved 5687.56) | box 5687.13 | box ρ* 5687.13 | implicit 5687.45 | hybrid 5687.45 | optimized 5687.57 | saved certified 5687.41 | 48s (opt 7s)
14-ieee-api      exp3/adj16         SLOW_PROGRESS  raw 5723.31 (saved 5723.27) | box 5720.05 | box ρ* 5720.05 | implicit 5722.79 | hybrid 5722.87 | optimized 5723.26 | saved certified 5720.05 | 156s (opt 25s)
14-ieee-api      exp3/adj16_pairs   SLOW_PROGRESS  raw 5735.47 (saved 5735.33) | box 5730.26 | box ρ* 5730.26 | implicit 5734.17 | hybrid 5734.29 | optimized 5735.35 | saved certified 5729.78 | 197s (opt 31s)
finished Mon Sep 14 23:01:20 EDT 2026
---------------------------------------
Begin Slurm Epilog: Sep-14-2026 23:01:20
Job ID:        13208646
User ID:       dmolzahn6
Account:       gts-dmolzahn6
Job name:      mmrc-14-ieee-api
Resources:     cpu=8,mem=16G,node=1
Rsrc Used:     cput=01:06:40,vmem=0,walltime=00:08:20,mem=9619316K,energy_used=0
Partition:     cpu-small
QOS:           inferno
Nodes:         atl1-1-02-005-14-2
---------------------------------------
