	Command being timed: "/storage/home/hcoda1/0/dmolzahn6/scratch/parameter_optimized_OTS/julia-1.12.7/bin/julia --project=. scripts/recertify.jl 3-lmbd-api"
	User time (seconds): 59.21
	System time (seconds): 2.61
	Percent of CPU this job got: 45%
	Elapsed (wall clock) time (h:mm:ss or m:ss): 2:16.72
	Average shared text size (kbytes): 0
	Average unshared data size (kbytes): 0
	Average stack size (kbytes): 0
	Average total size (kbytes): 0
	Maximum resident set size (kbytes): 1458184
	Average resident set size (kbytes): 0
	Major (requiring I/O) page faults: 32710
	Minor (reclaiming a frame) page faults: 228706
	Voluntary context switches: 47941
	Involuntary context switches: 2830
	Swaps: 0
	File system inputs: 1503680
	File system outputs: 40
	Socket messages sent: 0
	Socket messages received: 0
	Signals delivered: 0
	Page size (bytes): 4096
	Exit status: 0
