	Command being timed: "/storage/home/hcoda1/0/dmolzahn6/scratch/parameter_optimized_OTS/julia-1.12.7/bin/julia --project=. scripts/recertify.jl 1354-pegase-api"
	User time (seconds): 13630.77
	System time (seconds): 197.29
	Percent of CPU this job got: 113%
	Elapsed (wall clock) time (h:mm:ss or m:ss): 3:23:55
	Average shared text size (kbytes): 0
	Average unshared data size (kbytes): 0
	Average stack size (kbytes): 0
	Average total size (kbytes): 0
	Maximum resident set size (kbytes): 44565144
	Average resident set size (kbytes): 0
	Major (requiring I/O) page faults: 799651
	Minor (reclaiming a frame) page faults: 36222292
	Voluntary context switches: 1913886
	Involuntary context switches: 295280
	Swaps: 0
	File system inputs: 37498768
	File system outputs: 72
	Socket messages sent: 0
	Socket messages received: 0
	Signals delivered: 0
	Page size (bytes): 4096
	Exit status: 0
