	Command being timed: "/storage/home/hcoda1/0/dmolzahn6/scratch/parameter_optimized_OTS/julia-1.12.7/bin/julia --project=. scripts/recertify.jl 240-pserc-api"
	User time (seconds): 3025.66
	System time (seconds): 40.27
	Percent of CPU this job got: 153%
	Elapsed (wall clock) time (h:mm:ss or m:ss): 33:17.80
	Average shared text size (kbytes): 0
	Average unshared data size (kbytes): 0
	Average stack size (kbytes): 0
	Average total size (kbytes): 0
	Maximum resident set size (kbytes): 13762272
	Average resident set size (kbytes): 0
	Major (requiring I/O) page faults: 173425
	Minor (reclaiming a frame) page faults: 5412897
	Voluntary context switches: 555879
	Involuntary context switches: 119741
	Swaps: 0
	File system inputs: 5119920
	File system outputs: 72
	Socket messages sent: 0
	Socket messages received: 0
	Signals delivered: 0
	Page size (bytes): 4096
	Exit status: 0
