	Command being timed: "/storage/home/hcoda1/0/dmolzahn6/scratch/parameter_optimized_OTS/julia-1.12.7/bin/julia --project=. scripts/recertify.jl 24-ieee-rts-api"
	User time (seconds): 1483.35
	System time (seconds): 23.21
	Percent of CPU this job got: 222%
	Elapsed (wall clock) time (h:mm:ss or m:ss): 11:16.28
	Average shared text size (kbytes): 0
	Average unshared data size (kbytes): 0
	Average stack size (kbytes): 0
	Average total size (kbytes): 0
	Maximum resident set size (kbytes): 12181876
	Average resident set size (kbytes): 0
	Major (requiring I/O) page faults: 62363
	Minor (reclaiming a frame) page faults: 989685
	Voluntary context switches: 261304
	Involuntary context switches: 69524
	Swaps: 0
	File system inputs: 2628480
	File system outputs: 48
	Socket messages sent: 0
	Socket messages received: 0
	Signals delivered: 0
	Page size (bytes): 4096
	Exit status: 0
