	Command being timed: "/storage/home/hcoda1/0/dmolzahn6/scratch/parameter_optimized_OTS/julia-1.12.7/bin/julia --project=. scripts/recertify.jl 200-activ-api"
	User time (seconds): 1832.20
	System time (seconds): 29.06
	Percent of CPU this job got: 149%
	Elapsed (wall clock) time (h:mm:ss or m:ss): 20:45.82
	Average shared text size (kbytes): 0
	Average unshared data size (kbytes): 0
	Average stack size (kbytes): 0
	Average total size (kbytes): 0
	Maximum resident set size (kbytes): 7822388
	Average resident set size (kbytes): 0
	Major (requiring I/O) page faults: 186236
	Minor (reclaiming a frame) page faults: 3043935
	Voluntary context switches: 432564
	Involuntary context switches: 66834
	Swaps: 0
	File system inputs: 7587360
	File system outputs: 64
	Socket messages sent: 0
	Socket messages received: 0
	Signals delivered: 0
	Page size (bytes): 4096
	Exit status: 0
