	Command being timed: "/storage/home/hcoda1/0/dmolzahn6/scratch/parameter_optimized_OTS/julia-1.12.7/bin/julia --project=. scripts/recertify.jl 73-ieee-rts-api"
	User time (seconds): 629.46
	System time (seconds): 13.20
	Percent of CPU this job got: 142%
	Elapsed (wall clock) time (h:mm:ss or m:ss): 7:31.88
	Average shared text size (kbytes): 0
	Average unshared data size (kbytes): 0
	Average stack size (kbytes): 0
	Average total size (kbytes): 0
	Maximum resident set size (kbytes): 3992788
	Average resident set size (kbytes): 0
	Major (requiring I/O) page faults: 86288
	Minor (reclaiming a frame) page faults: 903040
	Voluntary context switches: 233579
	Involuntary context switches: 80541
	Swaps: 0
	File system inputs: 3450496
	File system outputs: 32
	Socket messages sent: 0
	Socket messages received: 0
	Signals delivered: 0
	Page size (bytes): 4096
	Exit status: 0
